org/example/VisuAlgorithm/StackController.class
org/example/VisuAlgorithm/BSTController.class
org/example/VisuAlgorithm/SortingController$3.class
org/example/VisuAlgorithm/AnimatedGifEncoder.class
org/example/VisuAlgorithm/AnimatedGifEncoder$NeuQuant.class
org/example/VisuAlgorithm/DoublyLinkedListController.class
org/example/VisuAlgorithm/graphController$DeleteCommand.class
org/example/VisuAlgorithm/LinkedListController$GridNode.class
org/example/VisuAlgorithm/SinglyLinkedListController$Node.class
org/example/VisuAlgorithm/graphController$GraphEdge.class
org/example/VisuAlgorithm/BSTController$UndoCommand.class
org/example/VisuAlgorithm/SortingController$6.class
org/example/VisuAlgorithm/graphController$AddEdgeCommand.class
org/example/VisuAlgorithm/App.class
org/example/VisuAlgorithm/graphController$1ND.class
org/example/VisuAlgorithm/HelloController$GridNode.class
org/example/VisuAlgorithm/BSTController$BSTNode.class
org/example/VisuAlgorithm/ArrayController.class
org/example/VisuAlgorithm/CircularLinkedListController.class
org/example/VisuAlgorithm/SortingController$4.class
org/example/VisuAlgorithm/BSTController$InsertCommand.class
org/example/VisuAlgorithm/ArrayController$WriteStep.class
org/example/VisuAlgorithm/SortingController$7.class
org/example/VisuAlgorithm/graphController$2.class
org/example/VisuAlgorithm/CircularLinkedListController$Node.class
org/example/VisuAlgorithm/SortingController.class
org/example/VisuAlgorithm/BSTController$DeleteCommand.class
org/example/VisuAlgorithm/HelloController$TreeWalker.class
org/example/VisuAlgorithm/BSTController$NodeState.class
org/example/VisuAlgorithm/QueueController$Mode.class
org/example/VisuAlgorithm/LinkedListController$TreeWalker.class
org/example/VisuAlgorithm/SortingController$5.class
org/example/VisuAlgorithm/SortingController$8.class
org/example/VisuAlgorithm/graphController.class
org/example/VisuAlgorithm/BSTController$1.class
org/example/VisuAlgorithm/HelloController.class
org/example/VisuAlgorithm/graphController$AddNodeCommand.class
org/example/VisuAlgorithm/IntroController.class
org/example/VisuAlgorithm/SortingController$SortStep.class
org/example/VisuAlgorithm/graphController$1.class
org/example/VisuAlgorithm/SortingController$1.class
org/example/VisuAlgorithm/graphController$UndoCommand.class
org/example/VisuAlgorithm/QueueController$1.class
org/example/VisuAlgorithm/LinkedListController.class
org/example/VisuAlgorithm/HelloApplication.class
org/example/VisuAlgorithm/AnimatedGifEncoder$LZWEncoder.class
org/example/VisuAlgorithm/graphController$GraphNode.class
org/example/VisuAlgorithm/SortingController$9.class
org/example/VisuAlgorithm/QueueController$PQNode.class
org/example/VisuAlgorithm/Launcher.class
org/example/VisuAlgorithm/DoublyLinkedListController$Node.class
org/example/VisuAlgorithm/QueueController.class
org/example/VisuAlgorithm/SinglyLinkedListController.class
org/example/VisuAlgorithm/SortingController$2.class
