/Users/takvirtur/Documents/Academics/CSE108/Project/src/main/java/org/example/VisuAlgorithm/AnimatedGifEncoder.java
/Users/takvirtur/Documents/Academics/CSE108/Project/src/main/java/org/example/VisuAlgorithm/App.java
/Users/takvirtur/Documents/Academics/CSE108/Project/src/main/java/org/example/VisuAlgorithm/ArrayController.java
/Users/takvirtur/Documents/Academics/CSE108/Project/src/main/java/org/example/VisuAlgorithm/BSTController.java
/Users/takvirtur/Documents/Academics/CSE108/Project/src/main/java/org/example/VisuAlgorithm/CircularLinkedListController.java
/Users/takvirtur/Documents/Academics/CSE108/Project/src/main/java/org/example/VisuAlgorithm/ColorPalette.java
/Users/takvirtur/Documents/Academics/CSE108/Project/src/main/java/org/example/VisuAlgorithm/DoublyLinkedListController.java
/Users/takvirtur/Documents/Academics/CSE108/Project/src/main/java/org/example/VisuAlgorithm/HelloApplication.java
/Users/takvirtur/Documents/Academics/CSE108/Project/src/main/java/org/example/VisuAlgorithm/HelloController.java
/Users/takvirtur/Documents/Academics/CSE108/Project/src/main/java/org/example/VisuAlgorithm/IntroController.java
/Users/takvirtur/Documents/Academics/CSE108/Project/src/main/java/org/example/VisuAlgorithm/Launcher.java
/Users/takvirtur/Documents/Academics/CSE108/Project/src/main/java/org/example/VisuAlgorithm/LinkedListController.java
/Users/takvirtur/Documents/Academics/CSE108/Project/src/main/java/org/example/VisuAlgorithm/QueueController.java
/Users/takvirtur/Documents/Academics/CSE108/Project/src/main/java/org/example/VisuAlgorithm/SinglyLinkedListController.java
/Users/takvirtur/Documents/Academics/CSE108/Project/src/main/java/org/example/VisuAlgorithm/SortingController.java
/Users/takvirtur/Documents/Academics/CSE108/Project/src/main/java/org/example/VisuAlgorithm/StackController.java
/Users/takvirtur/Documents/Academics/CSE108/Project/src/main/java/org/example/VisuAlgorithm/graphController.java
