C:\Users\sayem\OneDrive\Desktop\VScode\java\VisuAlgorithm\src\main\java\org\example\VisuAlgorithm\AnimatedGifEncoder.java
C:\Users\sayem\OneDrive\Desktop\VScode\java\VisuAlgorithm\src\main\java\org\example\VisuAlgorithm\App.java
C:\Users\sayem\OneDrive\Desktop\VScode\java\VisuAlgorithm\src\main\java\org\example\VisuAlgorithm\ArrayController.java
C:\Users\sayem\OneDrive\Desktop\VScode\java\VisuAlgorithm\src\main\java\org\example\VisuAlgorithm\BSTController.java
C:\Users\sayem\OneDrive\Desktop\VScode\java\VisuAlgorithm\src\main\java\org\example\VisuAlgorithm\CircularLinkedListController.java
C:\Users\sayem\OneDrive\Desktop\VScode\java\VisuAlgorithm\src\main\java\org\example\VisuAlgorithm\ColorPalette.java
C:\Users\sayem\OneDrive\Desktop\VScode\java\VisuAlgorithm\src\main\java\org\example\VisuAlgorithm\DoublyLinkedListController.java
C:\Users\sayem\OneDrive\Desktop\VScode\java\VisuAlgorithm\src\main\java\org\example\VisuAlgorithm\graphController.java
C:\Users\sayem\OneDrive\Desktop\VScode\java\VisuAlgorithm\src\main\java\org\example\VisuAlgorithm\HelloApplication.java
C:\Users\sayem\OneDrive\Desktop\VScode\java\VisuAlgorithm\src\main\java\org\example\VisuAlgorithm\HelloController.java
C:\Users\sayem\OneDrive\Desktop\VScode\java\VisuAlgorithm\src\main\java\org\example\VisuAlgorithm\IntroController.java
C:\Users\sayem\OneDrive\Desktop\VScode\java\VisuAlgorithm\src\main\java\org\example\VisuAlgorithm\Launcher.java
C:\Users\sayem\OneDrive\Desktop\VScode\java\VisuAlgorithm\src\main\java\org\example\VisuAlgorithm\LinkedListController.java
C:\Users\sayem\OneDrive\Desktop\VScode\java\VisuAlgorithm\src\main\java\org\example\VisuAlgorithm\QueueController.java
C:\Users\sayem\OneDrive\Desktop\VScode\java\VisuAlgorithm\src\main\java\org\example\VisuAlgorithm\SinglyLinkedListController.java
C:\Users\sayem\OneDrive\Desktop\VScode\java\VisuAlgorithm\src\main\java\org\example\VisuAlgorithm\SortingController.java
C:\Users\sayem\OneDrive\Desktop\VScode\java\VisuAlgorithm\src\main\java\org\example\VisuAlgorithm\StackController.java
